{"phase": "deep_recon", "timestamp": "2026-07-04T15:13:06", "run_id": "20260704_150743", "elapsed_s": "N/A", "endpoints": 18}
---CONTENT---
[DEEP RECON] 18 total endpoints
  http://localhost:10601
  http://localhost:10670
  http://localhost:10670/health
  http://localhost:10671
  http://localhost:10671/
  http://localhost:10671/status
  http://localhost:10671/api
  http://localhost:10671/admin
  http://localhost:10671/login
  http://localhost:10671/home
  http://localhost:10671/app
  http://localhost:10671/metrics
  http://localhost:10671/index.html
  http://localhost:10671/upload
  http://localhost:10671/fetch
  http://localhost:10671/dashboard
  http://localhost:10671/console
  http://localhost:10601/fetch
