{"phase": "deep_recon", "timestamp": "2026-06-25T16:59:35", "run_id": "20260625_165416", "elapsed_s": "N/A", "endpoints": 18}
---CONTENT---
[DEEP RECON] 18 total endpoints
  http://localhost:10601
  http://localhost:10701
  http://localhost:10701/health
  http://localhost:10704
  http://localhost:10704/
  http://localhost:10704/login
  http://localhost:10704/index.html
  http://localhost:10704/home
  http://localhost:10704/app
  http://localhost:10704/admin
  http://localhost:10704/metrics
  http://localhost:10704/status
  http://localhost:10704/fetch
  http://localhost:10704/api
  http://localhost:10704/dashboard
  http://localhost:10704/upload
  http://localhost:10704/console
  http://localhost:10601/fetch
