{"phase": "deep_recon", "timestamp": "2026-07-04T13:55:01", "run_id": "20260704_134842", "elapsed_s": "N/A", "endpoints": 19}
---CONTENT---
[DEEP RECON] 19 total endpoints
  http://localhost:7890
  http://localhost:10601
  http://localhost:10670
  http://localhost:10671
  http://localhost:19432
  http://localhost:39025
  http://localhost:39725
  http://localhost:43947
  http://localhost:19432/wp-admin/
  http://localhost:19432/wp-login.php
  http://localhost:19432/wp-content/
  http://localhost:19432/wp-content/plugins/
  http://localhost:19432/wp-json/wp/v2/
  http://localhost:19432/administrator/
  http://localhost:19432/user/login
  http://localhost:19432/api/
  http://localhost:19432/.env
  http://localhost:19432/config.php
  http://localhost:10601/fetch
