DARWIN Run Summary — 20260625_152949
Timestamp: 2026-06-25T15:35:16
============================================================
phase_at_end: bootstrap
loop_count: 0
solo_iterations: 0
step_count: 1

DKG Summary:
Host: 1
  - id=host-localhost: {'ip': 'localhost', 'is_reachable': True, 'is_internal': False, '_version': 3}
Service: 3
  - id=svc-localhost-10601: {'port': 10601, 'protocol': 'tcp', 'version': 'Werkzeug httpd (Python Flask dev server)', 'banner': 'http', 'service_name': 'http', '_version': 2, 'fingerprint': ['Werkzeug/3.1.8 Python/3.11.15', '127.0.0.1', '3.11.15', 'Cloud Dashboard', '3.1.8']}
  - id=svc-localhost-10701: {'port': 10701, 'protocol': 'tcp', 'version': 'Amazon EC2 Instance Metadata Service (IMDS v1-v2 simulator)', 'banner': 'ec2-imds', 'service_name': 'ec2-imds', '_version': 2, 'fingerprint': ['Werkzeug/3.1.8 Python/3.11.15, EC2ws', '127.0.0.1', '3.11.15,', '3.1.8']}
  - id=svc-localhost-10704: {'port': 10704, 'protocol': 'tcp', 'version': 'S3-compatible Object Storage (DARWIN S3 simulator API)', 'banner': 's3-storage', 'service_name': 's3-storage', '_version': 2, 'fingerprint': ['Werkzeug/3.1.8 Python/3.11.15', '127.0.0.1', '3.11.15', '3.1.8']}
Endpoint: 18
  - id=ep-http://localhost:10601: {'url': 'http://localhost:10601', 'method': 'GET', 'params': '', 'sample_status': 200, 'sample_response': 'HTTP/1.1 200 OK\r\nServer: Werkzeug/3.1.8 Python/3.11.15\r\nDate: Thu, 25 Jun 2026 07:31:16 GMT\r\nContent-Type: text/html; charset=utf-8\r\nContent-Length: 463\r\nConnection: close\r\n\r\n<!DOCTYPE html>\n<html>\n<head><title>Cloud Dashboard</title></head>\n<body>\n<h1>Cloud Dashboard</h1>\n<p>Welcome to the internal dashboard. Use the URL fetcher to retrieve\nconfiguration from remote endpoints.</p>\n<form action="/fetch" method="get">\n  <input type="text" name="url" placeholder="https://example.com/config" size="50">\n  <button type="submit">Fetch</button>\n</form>\n<p><small>Environment: production | Instance: i-0abc123def</small></p>\n</body>\n</html>', 'response_size': 638, '_version': 2, 'deep_recon_done': True}
  - id=ep-http://localhost:10701: {'url': 'http://localhost:10701', 'method': 'GET', 'params': '', 'sample_status': 200, 'sample_response': 'HTTP/1.1 200 OK\r\nServer: Werkzeug/3.1.8 Python/3.11.15\r\nDate: Thu, 25 Jun 2026 07:31:16 GMT\r\nContent-Type: text/plain\r\nContent-Length: 12\r\nServer: EC2ws\r\nConnection: close\r\n\r\n1.0/\nlatest/', 'response_size': 187, '_version': 2, 'deep_recon_done': True}
  - id=ep-path--health: {'url': 'http://localhost:10701/health', 'method': 'GET', 'params': '', 'sample_status': 200, 'sample_response': 'HTTP/1.1 200 OK\r\nServer: Werkzeug/3.1.8 Python/3.11.15\r\nDate: Thu, 25 Jun 2026 07:31:20 GMT\r\nContent-Type: application/json\r\nContent-Length: 54\r\nConnection: close\r\n\r\n{"status":"ok","v1_enabled":true,"v2_required":false}\n', 'response_size': 220, '_version': 1}
  - id=ep-http://localhost:10704: {'url': 'http://localhost:10704', 'method': 'GET', 'params': '', 'sample_status': 200, 'sample_response': 'HTTP/1.1 200 OK\r\nServer: Werkzeug/3.1.8 Python/3.11.15\r\nDate: Thu, 25 Jun 2026 07:31:16 GMT\r\nContent-Type: application/json\r\nContent-Length: 38\r\nConnection: close\r\n\r\n{"objects":["flag.txt","readme.txt"]}\n', 'response_size': 204, '_version': 2, 'deep_recon_done': True}
  - id=ep-path--index.html: {'url': 'http://localhost:10704/index.html', 'method': 'GET', 'params': '', 'sample_status': 200, 'sample_response': 'HTTP/1.1 404 NOT FOUND\r\nServer: Werkzeug/3.1.8 Python/3.11.15\r\nDate: Thu, 25 Jun 2026 07:31:20 GMT\r\nContent-Type: text/html; charset=utf-8\r\nContent-Length: 207\r\nConnection: close\r\n\r\n<!doctype html>\n<html lang=en>\n<title>404 Not Found</title>\n<h1>Not Found</h1>\n<p>The requested URL was not found on the server. If you entered the URL manually please check your spelling and try again.</p>\n', 'response_size': 389, '_version': 1}
  - id=ep-path--admin: {'url': 'http://localhost:10704/admin', 'method': 'GET', 'params': '', 'sample_status': 200, 'sample_response': 'HTTP/1.1 404 NOT FOUND\r\nServer: Werkzeug/3.1.8 Python/3.11.15\r\nDate: Thu, 25 Jun 2026 07:31:20 GMT\r\nContent-Type: text/html; charset=utf-8\r\nContent-Length: 207\r\nConnection: close\r\n\r\n<!doctype html>\n<html lang=en>\n<title>404 Not Found</title>\n<h1>Not Found</h1>\n<p>The requested URL was not found on the server. If you entered the URL manually please check your spelling and try again.</p>\n', 'response_size': 389, '_version': 1}
  - id=ep-path--login: {'url': 'http://localhost:10704/login', 'method': 'GET', 'params': '', 'sample_status': 200, 'sample_response': 'HTTP/1.1 404 NOT FOUND\r\nServer: Werkzeug/3.1.8 Python/3.11.15\r\nDate: Thu, 25 Jun 2026 07:31:20 GMT\r\nContent-Type: text/html; charset=utf-8\r\nContent-Length: 207\r\nConnection: close\r\n\r\n<!doctype html>\n<html lang=en>\n<title>404 Not Found</title>\n<h1>Not Found</h1>\n<p>The requested URL was not found on the server. If you entered the URL manually please check your spelling and try again.</p>\n', 'response_size': 389, '_version': 1}
  - id=ep-path--status: {'url': 'http://localhost:10704/status', 'method': 'GET', 'params': '', 'sample_status': 200, 'sample_response': 'HTTP/1.1 404 NOT FOUND\r\nServer: Werkzeug/3.1.8 Python/3.11.15\r\nDate: Thu, 25 Jun 2026 07:31:20 GMT\r\nContent-Type: text/html; charset=utf-8\r\nContent-Length: 207\r\nConnection: close\r\n\r\n<!doctype html>\n<html lang=en>\n<title>404 Not Found</title>\n<h1>Not Found</h1>\n<p>The requested URL was not found on the server. If you entered the URL manually please check your spelling and try again.</p>\n', 'response_size': 389, '_version': 1}
  ... and 10 more
Vulnerability: 3
  - id=vuln-nikto-14: {'vuln_type': 'XSS', 'endpoint': 'http://localhost:10704', 'parameter': '', 'severity': 'low', 'source': 'nikto', 'detail': '- Nikto v2.1.5', '_version': 3}
  - id=vuln-nikto-20: {'vuln_type': 'XSS', 'endpoint': 'http://localhost:10704', 'parameter': '', 'severity': 'low', 'source': 'nikto', 'detail': "+ No CGI Directories found (use '-C all' to force check all possible dirs)", '_version': 26}
  - id=vuln-nikto-15: {'vuln_type': 'XSS', 'endpoint': 'http://localhost:10701', 'parameter': '', 'severity': 'low', 'source': 'nikto', 'detail': '+ Server: EC2ws', '_version': 1}

Result:
  success: False
  flag: 
  steps: 1
  tokens_used: 3
  time_elapsed: 326.8s
  error: 'DefenseStateVector' object has no attribute 'has_honeypot'
  defense_detected: False
  waf_bypassed: False
  waf_type: 

Phase Logs:
  log/scan/20260625_152949_bootstrap.log (454 bytes)
  log/recon/20260625_152949_deep_recon.log (718 bytes)
